[INFO] Scanning for projects...
[INFO] 
[INFO] -------------------------< com.nexus:backend >--------------------------
[INFO] Building backend 0.0.1-SNAPSHOT
[INFO]   from pom.xml
[INFO] --------------------------------[ jar ]---------------------------------
[INFO] 
[INFO] --- clean:3.3.2:clean (default-clean) @ backend ---
[INFO] Deleting C:\Users\Dell\full stack project\backend\target
[INFO] 
[INFO] --- resources:3.3.1:resources (default-resources) @ backend ---
[INFO] Copying 1 resource from src\main\resources to target\classes
[INFO] Copying 0 resource from src\main\resources to target\classes
[INFO] 
[INFO] --- compiler:3.11.0:compile (default-compile) @ backend ---
[INFO] Changes detected - recompiling the module! :source
[INFO] Compiling 18 source files with javac [debug release 17] to target\classes
[WARNING] /C:/Users/Dell/full stack project/backend/src/main/java/com/nexus/backend/SecurityConfig.java:[17,13] csrf() in org.springframework.security.config.annotation.web.builders.HttpSecurity has been deprecated and marked for removal
[WARNING] /C:/Users/Dell/full stack project/backend/src/main/java/com/nexus/backend/SecurityConfig.java:[18,13] authorizeHttpRequests() in org.springframework.security.config.annotation.web.builders.HttpSecurity has been deprecated and marked for removal
[INFO] ------------------------------------------------------------------------
[INFO] BUILD SUCCESS
[INFO] ------------------------------------------------------------------------
[INFO] Total time:  8.490 s
[INFO] Finished at: 2026-04-02T10:49:55+05:30
[INFO] ------------------------------------------------------------------------
